// Jest Snapshot v1, https://goo.gl/fbAQLP

exports[`Component ScheduleCard of Schedule page Should match snapshot 1`] = `
{
  "asFragment": [Function],
  "baseElement": <body>
    <div>
      <div
        class="card "
        data-testid="ScheduleCard"
      >
        <div
          class="topCard"
        >
          <div
            class="leftCard"
          >
            <div
              class="timeAndPlace"
            >
              <div
                class="time"
              >
                09:45
                <sup>
                   WIB
                </sup>
              </div>
              <div
                class="place"
              >
                Halim
              </div>
            </div>
            <div
              class="train"
            >
              <div
                class="name"
              >
                G1206
              </div>
              <div
                class="arrowImage"
              >
                <img
                  alt=""
                  src="/arrowTrain.png"
                />
              </div>
            </div>
            <div
              class="timeAndPlace"
            >
              <div
                class="time"
              >
                10:15
                <sup>
                   WIB
                </sup>
              </div>
              <div
                class="place"
              >
                Padalarang
              </div>
            </div>
          </div>
          <div
            class="price"
          >
            Rp 200.000
          </div>
        </div>
        <div
          class="bottomCard"
        >
          <div
            class="seatClass"
          >
            <div
              class="nameClass"
            >
              First Class
            </div>
            <div
              class="rightCard"
            >
              <div
                class="priceAndAvailable"
              >
                <div
                  class="price"
                >
                  Rp 600.000
                </div>
                <div
                  class="available"
                >
                  Tersedia
                </div>
              </div>
              <button
                class="MuiButtonBase-root MuiButton-root MuiButton-contained MuiButton-containedPrimary MuiButton-sizeMedium MuiButton-containedSizeMedium MuiButton-root MuiButton-contained MuiButton-containedPrimary MuiButton-sizeMedium MuiButton-containedSizeMedium btn css-sghohy-MuiButtonBase-root-MuiButton-root"
                data-testid="BookFirstSeatButton"
                tabindex="0"
                type="button"
              >
                Pesan
                <span
                  class="MuiTouchRipple-root css-8je8zh-MuiTouchRipple-root"
                />
              </button>
            </div>
          </div>
          <hr />
          <div
            class="seatClass"
          >
            <div
              class="nameClass"
            >
              Business Class
            </div>
            <div
              class="rightCard"
            >
              <div
                class="priceAndAvailable"
              >
                <div
                  class="price"
                >
                  Rp 450.000
                </div>
                <div
                  class="available"
                >
                  Tersedia
                </div>
              </div>
              <button
                class="MuiButtonBase-root MuiButton-root MuiButton-contained MuiButton-containedPrimary MuiButton-sizeMedium MuiButton-containedSizeMedium MuiButton-root MuiButton-contained MuiButton-containedPrimary MuiButton-sizeMedium MuiButton-containedSizeMedium btn css-sghohy-MuiButtonBase-root-MuiButton-root"
                data-testid="BookBusinessSeatButton"
                tabindex="0"
                type="button"
              >
                Pesan
                <span
                  class="MuiTouchRipple-root css-8je8zh-MuiTouchRipple-root"
                />
              </button>
            </div>
          </div>
          <hr />
          <div
            class="seatClass"
          >
            <div
              class="nameClass"
            >
              Economy Class
            </div>
            <div
              class="rightCard"
            >
              <div
                class="priceAndAvailable"
              >
                <div
                  class="price"
                >
                  Rp 200.000
                </div>
                <div
                  class="available"
                >
                  Tersedia
                </div>
              </div>
              <button
                class="MuiButtonBase-root MuiButton-root MuiButton-contained MuiButton-containedPrimary MuiButton-sizeMedium MuiButton-containedSizeMedium MuiButton-root MuiButton-contained MuiButton-containedPrimary MuiButton-sizeMedium MuiButton-containedSizeMedium btn css-sghohy-MuiButtonBase-root-MuiButton-root"
                data-testid="BookEconomySeatButton"
                tabindex="0"
                type="button"
              >
                Pesan
                <span
                  class="MuiTouchRipple-root css-8je8zh-MuiTouchRipple-root"
                />
              </button>
            </div>
          </div>
        </div>
      </div>
    </div>
  </body>,
  "container": <div>
    <div
      class="card "
      data-testid="ScheduleCard"
    >
      <div
        class="topCard"
      >
        <div
          class="leftCard"
        >
          <div
            class="timeAndPlace"
          >
            <div
              class="time"
            >
              09:45
              <sup>
                 WIB
              </sup>
            </div>
            <div
              class="place"
            >
              Halim
            </div>
          </div>
          <div
            class="train"
          >
            <div
              class="name"
            >
              G1206
            </div>
            <div
              class="arrowImage"
            >
              <img
                alt=""
                src="/arrowTrain.png"
              />
            </div>
          </div>
          <div
            class="timeAndPlace"
          >
            <div
              class="time"
            >
              10:15
              <sup>
                 WIB
              </sup>
            </div>
            <div
              class="place"
            >
              Padalarang
            </div>
          </div>
        </div>
        <div
          class="price"
        >
          Rp 200.000
        </div>
      </div>
      <div
        class="bottomCard"
      >
        <div
          class="seatClass"
        >
          <div
            class="nameClass"
          >
            First Class
          </div>
          <div
            class="rightCard"
          >
            <div
              class="priceAndAvailable"
            >
              <div
                class="price"
              >
                Rp 600.000
              </div>
              <div
                class="available"
              >
                Tersedia
              </div>
            </div>
            <button
              class="MuiButtonBase-root MuiButton-root MuiButton-contained MuiButton-containedPrimary MuiButton-sizeMedium MuiButton-containedSizeMedium MuiButton-root MuiButton-contained MuiButton-containedPrimary MuiButton-sizeMedium MuiButton-containedSizeMedium btn css-sghohy-MuiButtonBase-root-MuiButton-root"
              data-testid="BookFirstSeatButton"
              tabindex="0"
              type="button"
            >
              Pesan
              <span
                class="MuiTouchRipple-root css-8je8zh-MuiTouchRipple-root"
              />
            </button>
          </div>
        </div>
        <hr />
        <div
          class="seatClass"
        >
          <div
            class="nameClass"
          >
            Business Class
          </div>
          <div
            class="rightCard"
          >
            <div
              class="priceAndAvailable"
            >
              <div
                class="price"
              >
                Rp 450.000
              </div>
              <div
                class="available"
              >
                Tersedia
              </div>
            </div>
            <button
              class="MuiButtonBase-root MuiButton-root MuiButton-contained MuiButton-containedPrimary MuiButton-sizeMedium MuiButton-containedSizeMedium MuiButton-root MuiButton-contained MuiButton-containedPrimary MuiButton-sizeMedium MuiButton-containedSizeMedium btn css-sghohy-MuiButtonBase-root-MuiButton-root"
              data-testid="BookBusinessSeatButton"
              tabindex="0"
              type="button"
            >
              Pesan
              <span
                class="MuiTouchRipple-root css-8je8zh-MuiTouchRipple-root"
              />
            </button>
          </div>
        </div>
        <hr />
        <div
          class="seatClass"
        >
          <div
            class="nameClass"
          >
            Economy Class
          </div>
          <div
            class="rightCard"
          >
            <div
              class="priceAndAvailable"
            >
              <div
                class="price"
              >
                Rp 200.000
              </div>
              <div
                class="available"
              >
                Tersedia
              </div>
            </div>
            <button
              class="MuiButtonBase-root MuiButton-root MuiButton-contained MuiButton-containedPrimary MuiButton-sizeMedium MuiButton-containedSizeMedium MuiButton-root MuiButton-contained MuiButton-containedPrimary MuiButton-sizeMedium MuiButton-containedSizeMedium btn css-sghohy-MuiButtonBase-root-MuiButton-root"
              data-testid="BookEconomySeatButton"
              tabindex="0"
              type="button"
            >
              Pesan
              <span
                class="MuiTouchRipple-root css-8je8zh-MuiTouchRipple-root"
              />
            </button>
          </div>
        </div>
      </div>
    </div>
  </div>,
  "debug": [Function],
  "findAllByAltText": [Function],
  "findAllByDisplayValue": [Function],
  "findAllByLabelText": [Function],
  "findAllByPlaceholderText": [Function],
  "findAllByRole": [Function],
  "findAllByTestId": [Function],
  "findAllByText": [Function],
  "findAllByTitle": [Function],
  "findByAltText": [Function],
  "findByDisplayValue": [Function],
  "findByLabelText": [Function],
  "findByPlaceholderText": [Function],
  "findByRole": [Function],
  "findByTestId": [Function],
  "findByText": [Function],
  "findByTitle": [Function],
  "getAllByAltText": [Function],
  "getAllByDisplayValue": [Function],
  "getAllByLabelText": [Function],
  "getAllByPlaceholderText": [Function],
  "getAllByRole": [Function],
  "getAllByTestId": [Function],
  "getAllByText": [Function],
  "getAllByTitle": [Function],
  "getByAltText": [Function],
  "getByDisplayValue": [Function],
  "getByLabelText": [Function],
  "getByPlaceholderText": [Function],
  "getByRole": [Function],
  "getByTestId": [Function],
  "getByText": [Function],
  "getByTitle": [Function],
  "queryAllByAltText": [Function],
  "queryAllByDisplayValue": [Function],
  "queryAllByLabelText": [Function],
  "queryAllByPlaceholderText": [Function],
  "queryAllByRole": [Function],
  "queryAllByTestId": [Function],
  "queryAllByText": [Function],
  "queryAllByTitle": [Function],
  "queryByAltText": [Function],
  "queryByDisplayValue": [Function],
  "queryByLabelText": [Function],
  "queryByPlaceholderText": [Function],
  "queryByRole": [Function],
  "queryByTestId": [Function],
  "queryByText": [Function],
  "queryByTitle": [Function],
  "rerender": [Function],
  "unmount": [Function],
}
`;
