// Jest Snapshot v1, https://goo.gl/fbAQLP

exports[`Page Register Should match snapshot 1`] = `
{
  "asFragment": [Function],
  "baseElement": <body>
    <div>
      <main
        class="main"
        data-testid="Register"
      >
        <div
          class="container"
        >
          <header>
            <button
              class="MuiButtonBase-root MuiButton-root MuiButton-text MuiButton-textPrimary MuiButton-sizeMedium MuiButton-textSizeMedium MuiButton-root MuiButton-text MuiButton-textPrimary MuiButton-sizeMedium MuiButton-textSizeMedium btn css-1e6y48t-MuiButtonBase-root-MuiButton-root"
              data-testid="BackBtn"
              tabindex="0"
              type="button"
            >
              Kembali
              <span
                class="MuiTouchRipple-root css-8je8zh-MuiTouchRipple-root"
              />
            </button>
            <h1>
              Register
            </h1>
          </header>
          <form>
            <div
              class="header"
            >
              Informasi Pribadi
            </div>
            <div
              class="input"
            >
              <label
                for="username"
              >
                Username
              </label>
              <input
                autocomplete="off"
                id="username"
                name="username"
                placeholder="Masukkan username"
                type="text"
                value=""
              />
            </div>
            <div
              class="input"
            >
              <label
                for="password"
              >
                Password
              </label>
              <div
                class="MuiInputBase-root MuiOutlinedInput-root MuiInputBase-colorPrimary MuiInputBase-adornedEnd inputPassword css-o9k5xi-MuiInputBase-root-MuiOutlinedInput-root"
              >
                <input
                  class="MuiInputBase-input MuiOutlinedInput-input MuiInputBase-inputAdornedEnd css-nxo287-MuiInputBase-input-MuiOutlinedInput-input"
                  id="outlined-adornment-password"
                  name="password"
                  placeholder="Masukkan password"
                  type="password"
                  value=""
                />
                <div
                  class="MuiInputAdornment-root MuiInputAdornment-positionEnd css-1laqsz7-MuiInputAdornment-root"
                >
                  <button
                    aria-label="toggle password visibility"
                    class="MuiButtonBase-root MuiIconButton-root MuiIconButton-edgeEnd MuiIconButton-sizeMedium css-1yq5fb3-MuiButtonBase-root-MuiIconButton-root"
                    tabindex="0"
                    type="button"
                  >
                    <svg
                      aria-hidden="true"
                      class="MuiSvgIcon-root MuiSvgIcon-fontSizeMedium css-i4bv87-MuiSvgIcon-root"
                      data-testid="VisibilityIcon"
                      focusable="false"
                      viewBox="0 0 24 24"
                    >
                      <path
                        d="M12 4.5C7 4.5 2.73 7.61 1 12c1.73 4.39 6 7.5 11 7.5s9.27-3.11 11-7.5c-1.73-4.39-6-7.5-11-7.5zM12 17c-2.76 0-5-2.24-5-5s2.24-5 5-5 5 2.24 5 5-2.24 5-5 5zm0-8c-1.66 0-3 1.34-3 3s1.34 3 3 3 3-1.34 3-3-1.34-3-3-3z"
                      />
                    </svg>
                    <span
                      class="MuiTouchRipple-root css-8je8zh-MuiTouchRipple-root"
                    />
                  </button>
                </div>
                <fieldset
                  aria-hidden="true"
                  class="MuiOutlinedInput-notchedOutline css-1d3z3hw-MuiOutlinedInput-notchedOutline"
                >
                  <legend
                    class="css-ihdtdm"
                  >
                    <span
                      class="notranslate"
                    >
                      ​
                    </span>
                  </legend>
                </fieldset>
              </div>
            </div>
            <div
              class="input"
            >
              <label
                for="passwordConfirmation"
              >
                Konfirmasi Password
              </label>
              <div
                class="MuiInputBase-root MuiOutlinedInput-root MuiInputBase-colorPrimary MuiInputBase-adornedEnd inputPassword css-o9k5xi-MuiInputBase-root-MuiOutlinedInput-root"
              >
                <input
                  class="MuiInputBase-input MuiOutlinedInput-input MuiInputBase-inputAdornedEnd css-nxo287-MuiInputBase-input-MuiOutlinedInput-input"
                  id="outlined-adornment-password"
                  name="passwordConfirmation"
                  placeholder="Masukkan konfirmasi password"
                  type="password"
                  value=""
                />
                <div
                  class="MuiInputAdornment-root MuiInputAdornment-positionEnd css-1laqsz7-MuiInputAdornment-root"
                >
                  <button
                    aria-label="toggle password visibility"
                    class="MuiButtonBase-root MuiIconButton-root MuiIconButton-edgeEnd MuiIconButton-sizeMedium css-1yq5fb3-MuiButtonBase-root-MuiIconButton-root"
                    tabindex="0"
                    type="button"
                  >
                    <svg
                      aria-hidden="true"
                      class="MuiSvgIcon-root MuiSvgIcon-fontSizeMedium css-i4bv87-MuiSvgIcon-root"
                      data-testid="VisibilityIcon"
                      focusable="false"
                      viewBox="0 0 24 24"
                    >
                      <path
                        d="M12 4.5C7 4.5 2.73 7.61 1 12c1.73 4.39 6 7.5 11 7.5s9.27-3.11 11-7.5c-1.73-4.39-6-7.5-11-7.5zM12 17c-2.76 0-5-2.24-5-5s2.24-5 5-5 5 2.24 5 5-2.24 5-5 5zm0-8c-1.66 0-3 1.34-3 3s1.34 3 3 3 3-1.34 3-3-1.34-3-3-3z"
                      />
                    </svg>
                    <span
                      class="MuiTouchRipple-root css-8je8zh-MuiTouchRipple-root"
                    />
                  </button>
                </div>
                <fieldset
                  aria-hidden="true"
                  class="MuiOutlinedInput-notchedOutline css-1d3z3hw-MuiOutlinedInput-notchedOutline"
                >
                  <legend
                    class="css-ihdtdm"
                  >
                    <span
                      class="notranslate"
                    >
                      ​
                    </span>
                  </legend>
                </fieldset>
              </div>
            </div>
            <div
              class="input"
            >
              <label
                for="gender"
              >
                Jenis Kelamin
              </label>
              <div
                class="radios"
              >
                <div
                  class="radio"
                >
                  <input
                    name="gender"
                    type="radio"
                    value="Male"
                  />
                  <label>
                    Pria
                  </label>
                </div>
                <div
                  class="radio"
                >
                  <input
                    name="gender"
                    type="radio"
                    value="Female"
                  />
                  <label>
                    Wanita
                  </label>
                </div>
              </div>
            </div>
            <div
              class="input"
            >
              <label
                for="dateOfBirth"
              >
                Tanggal Kelahiran
              </label>
              <div
                class="datePickerWrapper"
              >
                <div
                  class="react-datepicker-wrapper"
                >
                  <div
                    class="react-datepicker__input-container"
                  >
                    <input
                      class="datePicker"
                      name="dateOfBirth"
                      placeholder="Pilih tanggal lahir"
                      type="text"
                      value=""
                    />
                  </div>
                </div>
              </div>
            </div>
            <div
              class="header"
            >
              Informasi Sertifikat
            </div>
            <div
              class="input"
            >
              <label
                for="idCard"
              >
                Kartu Identitas
              </label>
              <input
                autocomplete="off"
                id="idCard"
                name="idCard"
                placeholder="Silakan masukkan KTP Indonesia Anda"
                type="text"
                value=""
              />
            </div>
            <div
              class="input"
            >
              <label
                for="name"
              >
                Nama
              </label>
              <input
                autocomplete="off"
                id="name"
                name="name"
                placeholder="Masukkan nama Anda sesuai KTP"
                type="text"
                value=""
              />
            </div>
            <div
              class="header"
            >
              Informasi Kontak
            </div>
            <div
              class="input"
            >
              <label
                for="email"
              >
                E-mail
              </label>
              <input
                autocomplete="off"
                id="email"
                name="email"
                placeholder="Silakan masukkan alamat email Anda"
                type="text"
                value=""
              />
            </div>
            <div
              class="input"
            >
              <input
                autocomplete="off"
                class="verification"
                id="emailToken"
                name="emailToken"
                placeholder="Silakan masukkan kode verifikasi"
                type="text"
                value=""
              />
              <div
                class="button"
              >
                <button
                  class="MuiButtonBase-root MuiButton-root MuiButton-contained MuiButton-containedPrimary MuiButton-sizeMedium MuiButton-containedSizeMedium MuiButton-root MuiButton-contained MuiButton-containedPrimary MuiButton-sizeMedium MuiButton-containedSizeMedium btn css-sghohy-MuiButtonBase-root-MuiButton-root"
                  tabindex="0"
                  type="button"
                >
                  Hasilkan
                  <span
                    class="MuiTouchRipple-root css-8je8zh-MuiTouchRipple-root"
                  />
                </button>
              </div>
            </div>
          </form>
          <div
            class="buttons"
          >
            <button
              class="MuiButtonBase-root MuiButton-root MuiButton-contained MuiButton-containedPrimary MuiButton-sizeMedium MuiButton-containedSizeMedium MuiButton-root MuiButton-contained MuiButton-containedPrimary MuiButton-sizeMedium MuiButton-containedSizeMedium submit css-sghohy-MuiButtonBase-root-MuiButton-root"
              tabindex="0"
              type="button"
            >
              Kirim
              <span
                class="MuiTouchRipple-root css-8je8zh-MuiTouchRipple-root"
              />
            </button>
          </div>
        </div>
      </main>
    </div>
  </body>,
  "container": <div>
    <main
      class="main"
      data-testid="Register"
    >
      <div
        class="container"
      >
        <header>
          <button
            class="MuiButtonBase-root MuiButton-root MuiButton-text MuiButton-textPrimary MuiButton-sizeMedium MuiButton-textSizeMedium MuiButton-root MuiButton-text MuiButton-textPrimary MuiButton-sizeMedium MuiButton-textSizeMedium btn css-1e6y48t-MuiButtonBase-root-MuiButton-root"
            data-testid="BackBtn"
            tabindex="0"
            type="button"
          >
            Kembali
            <span
              class="MuiTouchRipple-root css-8je8zh-MuiTouchRipple-root"
            />
          </button>
          <h1>
            Register
          </h1>
        </header>
        <form>
          <div
            class="header"
          >
            Informasi Pribadi
          </div>
          <div
            class="input"
          >
            <label
              for="username"
            >
              Username
            </label>
            <input
              autocomplete="off"
              id="username"
              name="username"
              placeholder="Masukkan username"
              type="text"
              value=""
            />
          </div>
          <div
            class="input"
          >
            <label
              for="password"
            >
              Password
            </label>
            <div
              class="MuiInputBase-root MuiOutlinedInput-root MuiInputBase-colorPrimary MuiInputBase-adornedEnd inputPassword css-o9k5xi-MuiInputBase-root-MuiOutlinedInput-root"
            >
              <input
                class="MuiInputBase-input MuiOutlinedInput-input MuiInputBase-inputAdornedEnd css-nxo287-MuiInputBase-input-MuiOutlinedInput-input"
                id="outlined-adornment-password"
                name="password"
                placeholder="Masukkan password"
                type="password"
                value=""
              />
              <div
                class="MuiInputAdornment-root MuiInputAdornment-positionEnd css-1laqsz7-MuiInputAdornment-root"
              >
                <button
                  aria-label="toggle password visibility"
                  class="MuiButtonBase-root MuiIconButton-root MuiIconButton-edgeEnd MuiIconButton-sizeMedium css-1yq5fb3-MuiButtonBase-root-MuiIconButton-root"
                  tabindex="0"
                  type="button"
                >
                  <svg
                    aria-hidden="true"
                    class="MuiSvgIcon-root MuiSvgIcon-fontSizeMedium css-i4bv87-MuiSvgIcon-root"
                    data-testid="VisibilityIcon"
                    focusable="false"
                    viewBox="0 0 24 24"
                  >
                    <path
                      d="M12 4.5C7 4.5 2.73 7.61 1 12c1.73 4.39 6 7.5 11 7.5s9.27-3.11 11-7.5c-1.73-4.39-6-7.5-11-7.5zM12 17c-2.76 0-5-2.24-5-5s2.24-5 5-5 5 2.24 5 5-2.24 5-5 5zm0-8c-1.66 0-3 1.34-3 3s1.34 3 3 3 3-1.34 3-3-1.34-3-3-3z"
                    />
                  </svg>
                  <span
                    class="MuiTouchRipple-root css-8je8zh-MuiTouchRipple-root"
                  />
                </button>
              </div>
              <fieldset
                aria-hidden="true"
                class="MuiOutlinedInput-notchedOutline css-1d3z3hw-MuiOutlinedInput-notchedOutline"
              >
                <legend
                  class="css-ihdtdm"
                >
                  <span
                    class="notranslate"
                  >
                    ​
                  </span>
                </legend>
              </fieldset>
            </div>
          </div>
          <div
            class="input"
          >
            <label
              for="passwordConfirmation"
            >
              Konfirmasi Password
            </label>
            <div
              class="MuiInputBase-root MuiOutlinedInput-root MuiInputBase-colorPrimary MuiInputBase-adornedEnd inputPassword css-o9k5xi-MuiInputBase-root-MuiOutlinedInput-root"
            >
              <input
                class="MuiInputBase-input MuiOutlinedInput-input MuiInputBase-inputAdornedEnd css-nxo287-MuiInputBase-input-MuiOutlinedInput-input"
                id="outlined-adornment-password"
                name="passwordConfirmation"
                placeholder="Masukkan konfirmasi password"
                type="password"
                value=""
              />
              <div
                class="MuiInputAdornment-root MuiInputAdornment-positionEnd css-1laqsz7-MuiInputAdornment-root"
              >
                <button
                  aria-label="toggle password visibility"
                  class="MuiButtonBase-root MuiIconButton-root MuiIconButton-edgeEnd MuiIconButton-sizeMedium css-1yq5fb3-MuiButtonBase-root-MuiIconButton-root"
                  tabindex="0"
                  type="button"
                >
                  <svg
                    aria-hidden="true"
                    class="MuiSvgIcon-root MuiSvgIcon-fontSizeMedium css-i4bv87-MuiSvgIcon-root"
                    data-testid="VisibilityIcon"
                    focusable="false"
                    viewBox="0 0 24 24"
                  >
                    <path
                      d="M12 4.5C7 4.5 2.73 7.61 1 12c1.73 4.39 6 7.5 11 7.5s9.27-3.11 11-7.5c-1.73-4.39-6-7.5-11-7.5zM12 17c-2.76 0-5-2.24-5-5s2.24-5 5-5 5 2.24 5 5-2.24 5-5 5zm0-8c-1.66 0-3 1.34-3 3s1.34 3 3 3 3-1.34 3-3-1.34-3-3-3z"
                    />
                  </svg>
                  <span
                    class="MuiTouchRipple-root css-8je8zh-MuiTouchRipple-root"
                  />
                </button>
              </div>
              <fieldset
                aria-hidden="true"
                class="MuiOutlinedInput-notchedOutline css-1d3z3hw-MuiOutlinedInput-notchedOutline"
              >
                <legend
                  class="css-ihdtdm"
                >
                  <span
                    class="notranslate"
                  >
                    ​
                  </span>
                </legend>
              </fieldset>
            </div>
          </div>
          <div
            class="input"
          >
            <label
              for="gender"
            >
              Jenis Kelamin
            </label>
            <div
              class="radios"
            >
              <div
                class="radio"
              >
                <input
                  name="gender"
                  type="radio"
                  value="Male"
                />
                <label>
                  Pria
                </label>
              </div>
              <div
                class="radio"
              >
                <input
                  name="gender"
                  type="radio"
                  value="Female"
                />
                <label>
                  Wanita
                </label>
              </div>
            </div>
          </div>
          <div
            class="input"
          >
            <label
              for="dateOfBirth"
            >
              Tanggal Kelahiran
            </label>
            <div
              class="datePickerWrapper"
            >
              <div
                class="react-datepicker-wrapper"
              >
                <div
                  class="react-datepicker__input-container"
                >
                  <input
                    class="datePicker"
                    name="dateOfBirth"
                    placeholder="Pilih tanggal lahir"
                    type="text"
                    value=""
                  />
                </div>
              </div>
            </div>
          </div>
          <div
            class="header"
          >
            Informasi Sertifikat
          </div>
          <div
            class="input"
          >
            <label
              for="idCard"
            >
              Kartu Identitas
            </label>
            <input
              autocomplete="off"
              id="idCard"
              name="idCard"
              placeholder="Silakan masukkan KTP Indonesia Anda"
              type="text"
              value=""
            />
          </div>
          <div
            class="input"
          >
            <label
              for="name"
            >
              Nama
            </label>
            <input
              autocomplete="off"
              id="name"
              name="name"
              placeholder="Masukkan nama Anda sesuai KTP"
              type="text"
              value=""
            />
          </div>
          <div
            class="header"
          >
            Informasi Kontak
          </div>
          <div
            class="input"
          >
            <label
              for="email"
            >
              E-mail
            </label>
            <input
              autocomplete="off"
              id="email"
              name="email"
              placeholder="Silakan masukkan alamat email Anda"
              type="text"
              value=""
            />
          </div>
          <div
            class="input"
          >
            <input
              autocomplete="off"
              class="verification"
              id="emailToken"
              name="emailToken"
              placeholder="Silakan masukkan kode verifikasi"
              type="text"
              value=""
            />
            <div
              class="button"
            >
              <button
                class="MuiButtonBase-root MuiButton-root MuiButton-contained MuiButton-containedPrimary MuiButton-sizeMedium MuiButton-containedSizeMedium MuiButton-root MuiButton-contained MuiButton-containedPrimary MuiButton-sizeMedium MuiButton-containedSizeMedium btn css-sghohy-MuiButtonBase-root-MuiButton-root"
                tabindex="0"
                type="button"
              >
                Hasilkan
                <span
                  class="MuiTouchRipple-root css-8je8zh-MuiTouchRipple-root"
                />
              </button>
            </div>
          </div>
        </form>
        <div
          class="buttons"
        >
          <button
            class="MuiButtonBase-root MuiButton-root MuiButton-contained MuiButton-containedPrimary MuiButton-sizeMedium MuiButton-containedSizeMedium MuiButton-root MuiButton-contained MuiButton-containedPrimary MuiButton-sizeMedium MuiButton-containedSizeMedium submit css-sghohy-MuiButtonBase-root-MuiButton-root"
            tabindex="0"
            type="button"
          >
            Kirim
            <span
              class="MuiTouchRipple-root css-8je8zh-MuiTouchRipple-root"
            />
          </button>
        </div>
      </div>
    </main>
  </div>,
  "debug": [Function],
  "findAllByAltText": [Function],
  "findAllByDisplayValue": [Function],
  "findAllByLabelText": [Function],
  "findAllByPlaceholderText": [Function],
  "findAllByRole": [Function],
  "findAllByTestId": [Function],
  "findAllByText": [Function],
  "findAllByTitle": [Function],
  "findByAltText": [Function],
  "findByDisplayValue": [Function],
  "findByLabelText": [Function],
  "findByPlaceholderText": [Function],
  "findByRole": [Function],
  "findByTestId": [Function],
  "findByText": [Function],
  "findByTitle": [Function],
  "getAllByAltText": [Function],
  "getAllByDisplayValue": [Function],
  "getAllByLabelText": [Function],
  "getAllByPlaceholderText": [Function],
  "getAllByRole": [Function],
  "getAllByTestId": [Function],
  "getAllByText": [Function],
  "getAllByTitle": [Function],
  "getByAltText": [Function],
  "getByDisplayValue": [Function],
  "getByLabelText": [Function],
  "getByPlaceholderText": [Function],
  "getByRole": [Function],
  "getByTestId": [Function],
  "getByText": [Function],
  "getByTitle": [Function],
  "queryAllByAltText": [Function],
  "queryAllByDisplayValue": [Function],
  "queryAllByLabelText": [Function],
  "queryAllByPlaceholderText": [Function],
  "queryAllByRole": [Function],
  "queryAllByTestId": [Function],
  "queryAllByText": [Function],
  "queryAllByTitle": [Function],
  "queryByAltText": [Function],
  "queryByDisplayValue": [Function],
  "queryByLabelText": [Function],
  "queryByPlaceholderText": [Function],
  "queryByRole": [Function],
  "queryByTestId": [Function],
  "queryByText": [Function],
  "queryByTitle": [Function],
  "rerender": [Function],
  "unmount": [Function],
}
`;
