// Jest Snapshot v1, https://goo.gl/fbAQLP

exports[`Component NonEditable of Passenger page Should match snapshot 1`] = `
{
  "asFragment": [Function],
  "baseElement": <body>
    <div>
      <div
        class="nonEditable"
        data-testid="NonEditable"
      >
        <form>
          <div
            class="header"
          >
            Informasi Pribadi
          </div>
          <div
            class="input"
          >
            <label
              for="gender"
            >
              Jenis Kelamin
            </label>
            <div
              class="radios"
            >
              <div
                class="radio"
              >
                <input
                  checked=""
                  disabled=""
                  name="gender"
                  type="radio"
                  value="Male"
                />
                <label>
                  Pria
                </label>
              </div>
              <div
                class="radio"
              >
                <input
                  disabled=""
                  name="gender"
                  type="radio"
                  value="Female"
                />
                <label>
                  Wanita
                </label>
              </div>
            </div>
          </div>
          <div
            class="input"
          >
            <label
              for="dateOfBirth"
            >
              Tanggal Kelahiran
            </label>
            <div
              class="datePickerWrapper"
            >
              <div
                class="react-datepicker-wrapper"
              >
                <div
                  class="react-datepicker__input-container"
                >
                  <input
                    class="datePicker"
                    disabled=""
                    name="dateOfBirth"
                    type="text"
                    value="12/11/1995"
                  />
                </div>
              </div>
            </div>
          </div>
          <div
            class="header"
          >
            Informasi Sertifikat
          </div>
          <div
            class="input"
          >
            <label
              for="idCard"
            >
              Kartu Identitas
            </label>
            <input
              autocomplete="off"
              disabled=""
              id="idCard"
              name="idCard"
              type="text"
              value="1234567890123456"
            />
          </div>
          <div
            class="input"
          >
            <label
              for="name"
            >
              Nama
            </label>
            <input
              autocomplete="off"
              disabled=""
              id="name"
              name="name"
              type="text"
              value="John Doe"
            />
          </div>
          <div
            class="header"
          >
            Informasi Kontak
          </div>
          <div
            class="input"
          >
            <label
              for="email"
            >
              E-mail
            </label>
            <input
              autocomplete="off"
              disabled=""
              id="email"
              name="email"
              type="text"
              value="johndoe@gmail.com"
            />
          </div>
        </form>
      </div>
    </div>
  </body>,
  "container": <div>
    <div
      class="nonEditable"
      data-testid="NonEditable"
    >
      <form>
        <div
          class="header"
        >
          Informasi Pribadi
        </div>
        <div
          class="input"
        >
          <label
            for="gender"
          >
            Jenis Kelamin
          </label>
          <div
            class="radios"
          >
            <div
              class="radio"
            >
              <input
                checked=""
                disabled=""
                name="gender"
                type="radio"
                value="Male"
              />
              <label>
                Pria
              </label>
            </div>
            <div
              class="radio"
            >
              <input
                disabled=""
                name="gender"
                type="radio"
                value="Female"
              />
              <label>
                Wanita
              </label>
            </div>
          </div>
        </div>
        <div
          class="input"
        >
          <label
            for="dateOfBirth"
          >
            Tanggal Kelahiran
          </label>
          <div
            class="datePickerWrapper"
          >
            <div
              class="react-datepicker-wrapper"
            >
              <div
                class="react-datepicker__input-container"
              >
                <input
                  class="datePicker"
                  disabled=""
                  name="dateOfBirth"
                  type="text"
                  value="12/11/1995"
                />
              </div>
            </div>
          </div>
        </div>
        <div
          class="header"
        >
          Informasi Sertifikat
        </div>
        <div
          class="input"
        >
          <label
            for="idCard"
          >
            Kartu Identitas
          </label>
          <input
            autocomplete="off"
            disabled=""
            id="idCard"
            name="idCard"
            type="text"
            value="1234567890123456"
          />
        </div>
        <div
          class="input"
        >
          <label
            for="name"
          >
            Nama
          </label>
          <input
            autocomplete="off"
            disabled=""
            id="name"
            name="name"
            type="text"
            value="John Doe"
          />
        </div>
        <div
          class="header"
        >
          Informasi Kontak
        </div>
        <div
          class="input"
        >
          <label
            for="email"
          >
            E-mail
          </label>
          <input
            autocomplete="off"
            disabled=""
            id="email"
            name="email"
            type="text"
            value="johndoe@gmail.com"
          />
        </div>
      </form>
    </div>
  </div>,
  "debug": [Function],
  "findAllByAltText": [Function],
  "findAllByDisplayValue": [Function],
  "findAllByLabelText": [Function],
  "findAllByPlaceholderText": [Function],
  "findAllByRole": [Function],
  "findAllByTestId": [Function],
  "findAllByText": [Function],
  "findAllByTitle": [Function],
  "findByAltText": [Function],
  "findByDisplayValue": [Function],
  "findByLabelText": [Function],
  "findByPlaceholderText": [Function],
  "findByRole": [Function],
  "findByTestId": [Function],
  "findByText": [Function],
  "findByTitle": [Function],
  "getAllByAltText": [Function],
  "getAllByDisplayValue": [Function],
  "getAllByLabelText": [Function],
  "getAllByPlaceholderText": [Function],
  "getAllByRole": [Function],
  "getAllByTestId": [Function],
  "getAllByText": [Function],
  "getAllByTitle": [Function],
  "getByAltText": [Function],
  "getByDisplayValue": [Function],
  "getByLabelText": [Function],
  "getByPlaceholderText": [Function],
  "getByRole": [Function],
  "getByTestId": [Function],
  "getByText": [Function],
  "getByTitle": [Function],
  "queryAllByAltText": [Function],
  "queryAllByDisplayValue": [Function],
  "queryAllByLabelText": [Function],
  "queryAllByPlaceholderText": [Function],
  "queryAllByRole": [Function],
  "queryAllByTestId": [Function],
  "queryAllByText": [Function],
  "queryAllByTitle": [Function],
  "queryByAltText": [Function],
  "queryByDisplayValue": [Function],
  "queryByLabelText": [Function],
  "queryByPlaceholderText": [Function],
  "queryByRole": [Function],
  "queryByTestId": [Function],
  "queryByText": [Function],
  "queryByTitle": [Function],
  "rerender": [Function],
  "unmount": [Function],
}
`;
