// Jest Snapshot v1, https://goo.gl/fbAQLP

exports[`Component Navbar Should match with snapshot 1`] = `
{
  "asFragment": [Function],
  "baseElement": <body>
    <div>
      <div
        class="headerWrapper"
        data-testid="navbar"
      >
        <div
          class="contentWrapper"
        >
          <div
            class="logoImage"
          >
            <img
              alt="logo"
              class="logo"
              src="/train.svg"
            />
            <img
              alt="title"
              class="title"
              src="/wheesh.png"
            />
          </div>
          <div
            class="toolbar"
          >
            <div
              class="link false"
              data-testid="HomeLink"
            >
              <svg
                aria-hidden="true"
                class="MuiSvgIcon-root MuiSvgIcon-fontSizeMedium icon css-i4bv87-MuiSvgIcon-root"
                data-testid="HomeIcon"
                focusable="false"
                viewBox="0 0 24 24"
              >
                <path
                  d="M10 20v-6h4v6h5v-8h3L12 3 2 12h3v8z"
                />
              </svg>
              <div
                class="namePage"
              >
                Beranda
              </div>
            </div>
            <div
              class="link false"
              data-testid="MyTicketsLink"
            >
              <svg
                aria-hidden="true"
                class="MuiSvgIcon-root MuiSvgIcon-fontSizeMedium icon css-i4bv87-MuiSvgIcon-root"
                data-testid="ReceiptLongIcon"
                focusable="false"
                viewBox="0 0 24 24"
              >
                <path
                  d="M19.5 3.5 18 2l-1.5 1.5L15 2l-1.5 1.5L12 2l-1.5 1.5L9 2 7.5 3.5 6 2v14H3v3c0 1.66 1.34 3 3 3h12c1.66 0 3-1.34 3-3V2l-1.5 1.5zM19 19c0 .55-.45 1-1 1s-1-.45-1-1v-3H8V5h11v14z"
                />
                <path
                  d="M9 7h6v2H9zm7 0h2v2h-2zm-7 3h6v2H9zm7 0h2v2h-2z"
                />
              </svg>
              <div
                class="namePage"
              >
                Tiket Saya
              </div>
            </div>
            <div
              class="link false"
              data-testid="MeLink"
            >
              <svg
                aria-hidden="true"
                class="MuiSvgIcon-root MuiSvgIcon-fontSizeMedium icon css-i4bv87-MuiSvgIcon-root"
                data-testid="SentimentSatisfiedAltIcon"
                focusable="false"
                viewBox="0 0 24 24"
              >
                <circle
                  cx="15.5"
                  cy="9.5"
                  r="1.5"
                />
                <circle
                  cx="8.5"
                  cy="9.5"
                  r="1.5"
                />
                <circle
                  cx="15.5"
                  cy="9.5"
                  r="1.5"
                />
                <circle
                  cx="8.5"
                  cy="9.5"
                  r="1.5"
                />
                <path
                  d="M11.99 2C6.47 2 2 6.48 2 12s4.47 10 9.99 10C17.52 22 22 17.52 22 12S17.52 2 11.99 2zM12 20c-4.42 0-8-3.58-8-8s3.58-8 8-8 8 3.58 8 8-3.58 8-8 8zm0-2.5c2.33 0 4.32-1.45 5.12-3.5h-1.67c-.69 1.19-1.97 2-3.45 2s-2.75-.81-3.45-2H6.88c.8 2.05 2.79 3.5 5.12 3.5z"
                />
              </svg>
              <div
                class="namePage"
              >
                Saya
              </div>
            </div>
            <div
              class="toggle"
            >
              <div
                class="MuiAvatar-root MuiAvatar-circular avatar css-1wlk0hk-MuiAvatar-root"
              >
                <img
                  class="MuiAvatar-img css-1pqm26d-MuiAvatar-img"
                  src="/id.png"
                />
              </div>
              <div
                class="lang"
              >
                id
              </div>
              <svg
                aria-hidden="true"
                class="MuiSvgIcon-root MuiSvgIcon-fontSizeMedium css-i4bv87-MuiSvgIcon-root"
                data-testid="ExpandMoreIcon"
                focusable="false"
                viewBox="0 0 24 24"
              >
                <path
                  d="M16.59 8.59 12 13.17 7.41 8.59 6 10l6 6 6-6z"
                />
              </svg>
            </div>
          </div>
        </div>
      </div>
    </div>
  </body>,
  "container": <div>
    <div
      class="headerWrapper"
      data-testid="navbar"
    >
      <div
        class="contentWrapper"
      >
        <div
          class="logoImage"
        >
          <img
            alt="logo"
            class="logo"
            src="/train.svg"
          />
          <img
            alt="title"
            class="title"
            src="/wheesh.png"
          />
        </div>
        <div
          class="toolbar"
        >
          <div
            class="link false"
            data-testid="HomeLink"
          >
            <svg
              aria-hidden="true"
              class="MuiSvgIcon-root MuiSvgIcon-fontSizeMedium icon css-i4bv87-MuiSvgIcon-root"
              data-testid="HomeIcon"
              focusable="false"
              viewBox="0 0 24 24"
            >
              <path
                d="M10 20v-6h4v6h5v-8h3L12 3 2 12h3v8z"
              />
            </svg>
            <div
              class="namePage"
            >
              Beranda
            </div>
          </div>
          <div
            class="link false"
            data-testid="MyTicketsLink"
          >
            <svg
              aria-hidden="true"
              class="MuiSvgIcon-root MuiSvgIcon-fontSizeMedium icon css-i4bv87-MuiSvgIcon-root"
              data-testid="ReceiptLongIcon"
              focusable="false"
              viewBox="0 0 24 24"
            >
              <path
                d="M19.5 3.5 18 2l-1.5 1.5L15 2l-1.5 1.5L12 2l-1.5 1.5L9 2 7.5 3.5 6 2v14H3v3c0 1.66 1.34 3 3 3h12c1.66 0 3-1.34 3-3V2l-1.5 1.5zM19 19c0 .55-.45 1-1 1s-1-.45-1-1v-3H8V5h11v14z"
              />
              <path
                d="M9 7h6v2H9zm7 0h2v2h-2zm-7 3h6v2H9zm7 0h2v2h-2z"
              />
            </svg>
            <div
              class="namePage"
            >
              Tiket Saya
            </div>
          </div>
          <div
            class="link false"
            data-testid="MeLink"
          >
            <svg
              aria-hidden="true"
              class="MuiSvgIcon-root MuiSvgIcon-fontSizeMedium icon css-i4bv87-MuiSvgIcon-root"
              data-testid="SentimentSatisfiedAltIcon"
              focusable="false"
              viewBox="0 0 24 24"
            >
              <circle
                cx="15.5"
                cy="9.5"
                r="1.5"
              />
              <circle
                cx="8.5"
                cy="9.5"
                r="1.5"
              />
              <circle
                cx="15.5"
                cy="9.5"
                r="1.5"
              />
              <circle
                cx="8.5"
                cy="9.5"
                r="1.5"
              />
              <path
                d="M11.99 2C6.47 2 2 6.48 2 12s4.47 10 9.99 10C17.52 22 22 17.52 22 12S17.52 2 11.99 2zM12 20c-4.42 0-8-3.58-8-8s3.58-8 8-8 8 3.58 8 8-3.58 8-8 8zm0-2.5c2.33 0 4.32-1.45 5.12-3.5h-1.67c-.69 1.19-1.97 2-3.45 2s-2.75-.81-3.45-2H6.88c.8 2.05 2.79 3.5 5.12 3.5z"
              />
            </svg>
            <div
              class="namePage"
            >
              Saya
            </div>
          </div>
          <div
            class="toggle"
          >
            <div
              class="MuiAvatar-root MuiAvatar-circular avatar css-1wlk0hk-MuiAvatar-root"
            >
              <img
                class="MuiAvatar-img css-1pqm26d-MuiAvatar-img"
                src="/id.png"
              />
            </div>
            <div
              class="lang"
            >
              id
            </div>
            <svg
              aria-hidden="true"
              class="MuiSvgIcon-root MuiSvgIcon-fontSizeMedium css-i4bv87-MuiSvgIcon-root"
              data-testid="ExpandMoreIcon"
              focusable="false"
              viewBox="0 0 24 24"
            >
              <path
                d="M16.59 8.59 12 13.17 7.41 8.59 6 10l6 6 6-6z"
              />
            </svg>
          </div>
        </div>
      </div>
    </div>
  </div>,
  "debug": [Function],
  "findAllByAltText": [Function],
  "findAllByDisplayValue": [Function],
  "findAllByLabelText": [Function],
  "findAllByPlaceholderText": [Function],
  "findAllByRole": [Function],
  "findAllByTestId": [Function],
  "findAllByText": [Function],
  "findAllByTitle": [Function],
  "findByAltText": [Function],
  "findByDisplayValue": [Function],
  "findByLabelText": [Function],
  "findByPlaceholderText": [Function],
  "findByRole": [Function],
  "findByTestId": [Function],
  "findByText": [Function],
  "findByTitle": [Function],
  "getAllByAltText": [Function],
  "getAllByDisplayValue": [Function],
  "getAllByLabelText": [Function],
  "getAllByPlaceholderText": [Function],
  "getAllByRole": [Function],
  "getAllByTestId": [Function],
  "getAllByText": [Function],
  "getAllByTitle": [Function],
  "getByAltText": [Function],
  "getByDisplayValue": [Function],
  "getByLabelText": [Function],
  "getByPlaceholderText": [Function],
  "getByRole": [Function],
  "getByTestId": [Function],
  "getByText": [Function],
  "getByTitle": [Function],
  "queryAllByAltText": [Function],
  "queryAllByDisplayValue": [Function],
  "queryAllByLabelText": [Function],
  "queryAllByPlaceholderText": [Function],
  "queryAllByRole": [Function],
  "queryAllByTestId": [Function],
  "queryAllByText": [Function],
  "queryAllByTitle": [Function],
  "queryByAltText": [Function],
  "queryByDisplayValue": [Function],
  "queryByLabelText": [Function],
  "queryByPlaceholderText": [Function],
  "queryByRole": [Function],
  "queryByTestId": [Function],
  "queryByText": [Function],
  "queryByTitle": [Function],
  "rerender": [Function],
  "unmount": [Function],
}
`;

exports[`Navbar Component Should match with snapshot 1`] = `
{
  "asFragment": [Function],
  "baseElement": <body>
    <div>
      <div
        class="headerWrapper"
        data-testid="navbar"
      >
        <div
          class="contentWrapper"
        >
          <div
            class="logoImage"
          >
            <img
              alt="logo"
              class="logo"
              src="/train.svg"
            />
            <img
              alt="title"
              class="title"
              src="/wheesh.png"
            />
          </div>
          <div
            class="toolbar"
          >
            <div
              class="link false"
              data-testid="HomeLink"
            >
              <svg
                aria-hidden="true"
                class="MuiSvgIcon-root MuiSvgIcon-fontSizeMedium icon css-i4bv87-MuiSvgIcon-root"
                data-testid="HomeIcon"
                focusable="false"
                viewBox="0 0 24 24"
              >
                <path
                  d="M10 20v-6h4v6h5v-8h3L12 3 2 12h3v8z"
                />
              </svg>
              <div
                class="namePage"
              >
                Beranda
              </div>
            </div>
            <div
              class="link false"
              data-testid="MyTicketsLink"
            >
              <svg
                aria-hidden="true"
                class="MuiSvgIcon-root MuiSvgIcon-fontSizeMedium icon css-i4bv87-MuiSvgIcon-root"
                data-testid="ReceiptLongIcon"
                focusable="false"
                viewBox="0 0 24 24"
              >
                <path
                  d="M19.5 3.5 18 2l-1.5 1.5L15 2l-1.5 1.5L12 2l-1.5 1.5L9 2 7.5 3.5 6 2v14H3v3c0 1.66 1.34 3 3 3h12c1.66 0 3-1.34 3-3V2l-1.5 1.5zM19 19c0 .55-.45 1-1 1s-1-.45-1-1v-3H8V5h11v14z"
                />
                <path
                  d="M9 7h6v2H9zm7 0h2v2h-2zm-7 3h6v2H9zm7 0h2v2h-2z"
                />
              </svg>
              <div
                class="namePage"
              >
                Tiket Saya
              </div>
            </div>
            <div
              class="link false"
              data-testid="MeLink"
            >
              <svg
                aria-hidden="true"
                class="MuiSvgIcon-root MuiSvgIcon-fontSizeMedium icon css-i4bv87-MuiSvgIcon-root"
                data-testid="SentimentSatisfiedAltIcon"
                focusable="false"
                viewBox="0 0 24 24"
              >
                <circle
                  cx="15.5"
                  cy="9.5"
                  r="1.5"
                />
                <circle
                  cx="8.5"
                  cy="9.5"
                  r="1.5"
                />
                <circle
                  cx="15.5"
                  cy="9.5"
                  r="1.5"
                />
                <circle
                  cx="8.5"
                  cy="9.5"
                  r="1.5"
                />
                <path
                  d="M11.99 2C6.47 2 2 6.48 2 12s4.47 10 9.99 10C17.52 22 22 17.52 22 12S17.52 2 11.99 2zM12 20c-4.42 0-8-3.58-8-8s3.58-8 8-8 8 3.58 8 8-3.58 8-8 8zm0-2.5c2.33 0 4.32-1.45 5.12-3.5h-1.67c-.69 1.19-1.97 2-3.45 2s-2.75-.81-3.45-2H6.88c.8 2.05 2.79 3.5 5.12 3.5z"
                />
              </svg>
              <div
                class="namePage"
              >
                Saya
              </div>
            </div>
            <div
              class="toggle"
            >
              <div
                class="MuiAvatar-root MuiAvatar-circular avatar css-1wlk0hk-MuiAvatar-root"
              >
                <img
                  class="MuiAvatar-img css-1pqm26d-MuiAvatar-img"
                  src="/id.png"
                />
              </div>
              <div
                class="lang"
              >
                id
              </div>
              <svg
                aria-hidden="true"
                class="MuiSvgIcon-root MuiSvgIcon-fontSizeMedium css-i4bv87-MuiSvgIcon-root"
                data-testid="ExpandMoreIcon"
                focusable="false"
                viewBox="0 0 24 24"
              >
                <path
                  d="M16.59 8.59 12 13.17 7.41 8.59 6 10l6 6 6-6z"
                />
              </svg>
            </div>
          </div>
        </div>
      </div>
    </div>
  </body>,
  "container": <div>
    <div
      class="headerWrapper"
      data-testid="navbar"
    >
      <div
        class="contentWrapper"
      >
        <div
          class="logoImage"
        >
          <img
            alt="logo"
            class="logo"
            src="/train.svg"
          />
          <img
            alt="title"
            class="title"
            src="/wheesh.png"
          />
        </div>
        <div
          class="toolbar"
        >
          <div
            class="link false"
            data-testid="HomeLink"
          >
            <svg
              aria-hidden="true"
              class="MuiSvgIcon-root MuiSvgIcon-fontSizeMedium icon css-i4bv87-MuiSvgIcon-root"
              data-testid="HomeIcon"
              focusable="false"
              viewBox="0 0 24 24"
            >
              <path
                d="M10 20v-6h4v6h5v-8h3L12 3 2 12h3v8z"
              />
            </svg>
            <div
              class="namePage"
            >
              Beranda
            </div>
          </div>
          <div
            class="link false"
            data-testid="MyTicketsLink"
          >
            <svg
              aria-hidden="true"
              class="MuiSvgIcon-root MuiSvgIcon-fontSizeMedium icon css-i4bv87-MuiSvgIcon-root"
              data-testid="ReceiptLongIcon"
              focusable="false"
              viewBox="0 0 24 24"
            >
              <path
                d="M19.5 3.5 18 2l-1.5 1.5L15 2l-1.5 1.5L12 2l-1.5 1.5L9 2 7.5 3.5 6 2v14H3v3c0 1.66 1.34 3 3 3h12c1.66 0 3-1.34 3-3V2l-1.5 1.5zM19 19c0 .55-.45 1-1 1s-1-.45-1-1v-3H8V5h11v14z"
              />
              <path
                d="M9 7h6v2H9zm7 0h2v2h-2zm-7 3h6v2H9zm7 0h2v2h-2z"
              />
            </svg>
            <div
              class="namePage"
            >
              Tiket Saya
            </div>
          </div>
          <div
            class="link false"
            data-testid="MeLink"
          >
            <svg
              aria-hidden="true"
              class="MuiSvgIcon-root MuiSvgIcon-fontSizeMedium icon css-i4bv87-MuiSvgIcon-root"
              data-testid="SentimentSatisfiedAltIcon"
              focusable="false"
              viewBox="0 0 24 24"
            >
              <circle
                cx="15.5"
                cy="9.5"
                r="1.5"
              />
              <circle
                cx="8.5"
                cy="9.5"
                r="1.5"
              />
              <circle
                cx="15.5"
                cy="9.5"
                r="1.5"
              />
              <circle
                cx="8.5"
                cy="9.5"
                r="1.5"
              />
              <path
                d="M11.99 2C6.47 2 2 6.48 2 12s4.47 10 9.99 10C17.52 22 22 17.52 22 12S17.52 2 11.99 2zM12 20c-4.42 0-8-3.58-8-8s3.58-8 8-8 8 3.58 8 8-3.58 8-8 8zm0-2.5c2.33 0 4.32-1.45 5.12-3.5h-1.67c-.69 1.19-1.97 2-3.45 2s-2.75-.81-3.45-2H6.88c.8 2.05 2.79 3.5 5.12 3.5z"
              />
            </svg>
            <div
              class="namePage"
            >
              Saya
            </div>
          </div>
          <div
            class="toggle"
          >
            <div
              class="MuiAvatar-root MuiAvatar-circular avatar css-1wlk0hk-MuiAvatar-root"
            >
              <img
                class="MuiAvatar-img css-1pqm26d-MuiAvatar-img"
                src="/id.png"
              />
            </div>
            <div
              class="lang"
            >
              id
            </div>
            <svg
              aria-hidden="true"
              class="MuiSvgIcon-root MuiSvgIcon-fontSizeMedium css-i4bv87-MuiSvgIcon-root"
              data-testid="ExpandMoreIcon"
              focusable="false"
              viewBox="0 0 24 24"
            >
              <path
                d="M16.59 8.59 12 13.17 7.41 8.59 6 10l6 6 6-6z"
              />
            </svg>
          </div>
        </div>
      </div>
    </div>
  </div>,
  "debug": [Function],
  "findAllByAltText": [Function],
  "findAllByDisplayValue": [Function],
  "findAllByLabelText": [Function],
  "findAllByPlaceholderText": [Function],
  "findAllByRole": [Function],
  "findAllByTestId": [Function],
  "findAllByText": [Function],
  "findAllByTitle": [Function],
  "findByAltText": [Function],
  "findByDisplayValue": [Function],
  "findByLabelText": [Function],
  "findByPlaceholderText": [Function],
  "findByRole": [Function],
  "findByTestId": [Function],
  "findByText": [Function],
  "findByTitle": [Function],
  "getAllByAltText": [Function],
  "getAllByDisplayValue": [Function],
  "getAllByLabelText": [Function],
  "getAllByPlaceholderText": [Function],
  "getAllByRole": [Function],
  "getAllByTestId": [Function],
  "getAllByText": [Function],
  "getAllByTitle": [Function],
  "getByAltText": [Function],
  "getByDisplayValue": [Function],
  "getByLabelText": [Function],
  "getByPlaceholderText": [Function],
  "getByRole": [Function],
  "getByTestId": [Function],
  "getByText": [Function],
  "getByTitle": [Function],
  "queryAllByAltText": [Function],
  "queryAllByDisplayValue": [Function],
  "queryAllByLabelText": [Function],
  "queryAllByPlaceholderText": [Function],
  "queryAllByRole": [Function],
  "queryAllByTestId": [Function],
  "queryAllByText": [Function],
  "queryAllByTitle": [Function],
  "queryByAltText": [Function],
  "queryByDisplayValue": [Function],
  "queryByLabelText": [Function],
  "queryByPlaceholderText": [Function],
  "queryByRole": [Function],
  "queryByTestId": [Function],
  "queryByText": [Function],
  "queryByTitle": [Function],
  "rerender": [Function],
  "unmount": [Function],
}
`;
