// Jest Snapshot v1, https://goo.gl/fbAQLP

exports[`Page Unpaid Should match snapshot 1`] = `
{
  "asFragment": [Function],
  "baseElement": <body>
    <div>
      <main
        class="main"
        data-testid="Unpaid"
      >
        <div
          class="container"
        >
          <header>
            <button
              class="MuiButtonBase-root MuiButton-root MuiButton-text MuiButton-textPrimary MuiButton-sizeMedium MuiButton-textSizeMedium MuiButton-root MuiButton-text MuiButton-textPrimary MuiButton-sizeMedium MuiButton-textSizeMedium btn css-1e6y48t-MuiButtonBase-root-MuiButton-root"
              data-testid="BackBtn"
              tabindex="0"
              type="button"
            >
              Kembali
              <span
                class="MuiTouchRipple-root css-8je8zh-MuiTouchRipple-root"
              />
            </button>
            <h1>
              Belum Dibayar
            </h1>
          </header>
          <div
            class="countdown"
          >
            <div
              class="message"
            >
              Harus dibayar, sisa waktu:
            </div>
            <div
              class="time"
            >
              0
               m 
              0
               s
            </div>
          </div>
          <section>
            <div
              class="sectionDesc"
            >
              <div
                class="row"
              >
                <div
                  class="dateTime"
                >
                  undefined, NaN Invalid Date NaN
                </div>
              </div>
              <div
                class="row"
              >
                <div
                  class="timeAndPlace"
                >
                  <div
                    class="time"
                  >
                    Invalid Date
                    <sup>
                       WIB
                    </sup>
                  </div>
                  <div
                    class="place"
                  />
                </div>
                <div
                  class="train"
                >
                  <div
                    class="name"
                  />
                  <div
                    class="arrowImage"
                  >
                    <img
                      alt=""
                      src="/arrowTrain.png"
                    />
                  </div>
                </div>
                <div
                  class="timeAndPlace"
                >
                  <div
                    class="time"
                  >
                    Invalid Date
                    <sup>
                       WIB
                    </sup>
                  </div>
                  <div
                    class="place"
                  />
                </div>
              </div>
            </div>
          </section>
          <section>
            <div
              class="header"
            >
              Penumpang
            </div>
            <hr />
            <div
              class="sectionDesc"
            />
          </section>
          <section>
            <div
              class="sectionDesc"
            >
              <div
                class="totalPrice"
              >
                <div>
                  Harga Total
                </div>
                <div>
                  RpNaN
                </div>
              </div>
              <div
                class="buttons"
              >
                <button
                  class="MuiButtonBase-root MuiButton-root MuiButton-outlined MuiButton-outlinedPrimary MuiButton-sizeMedium MuiButton-outlinedSizeMedium MuiButton-root MuiButton-outlined MuiButton-outlinedPrimary MuiButton-sizeMedium MuiButton-outlinedSizeMedium btn css-1rwt2y5-MuiButtonBase-root-MuiButton-root"
                  tabindex="0"
                  type="button"
                >
                  Batalkan Pesanan
                  <span
                    class="MuiTouchRipple-root css-8je8zh-MuiTouchRipple-root"
                  />
                </button>
                <button
                  class="MuiButtonBase-root MuiButton-root MuiButton-contained MuiButton-containedPrimary MuiButton-sizeMedium MuiButton-containedSizeMedium MuiButton-root MuiButton-contained MuiButton-containedPrimary MuiButton-sizeMedium MuiButton-containedSizeMedium btn css-sghohy-MuiButtonBase-root-MuiButton-root"
                  tabindex="0"
                  type="button"
                >
                  Bayar
                  <span
                    class="MuiTouchRipple-root css-8je8zh-MuiTouchRipple-root"
                  />
                </button>
              </div>
            </div>
          </section>
        </div>
      </main>
    </div>
  </body>,
  "container": <div>
    <main
      class="main"
      data-testid="Unpaid"
    >
      <div
        class="container"
      >
        <header>
          <button
            class="MuiButtonBase-root MuiButton-root MuiButton-text MuiButton-textPrimary MuiButton-sizeMedium MuiButton-textSizeMedium MuiButton-root MuiButton-text MuiButton-textPrimary MuiButton-sizeMedium MuiButton-textSizeMedium btn css-1e6y48t-MuiButtonBase-root-MuiButton-root"
            data-testid="BackBtn"
            tabindex="0"
            type="button"
          >
            Kembali
            <span
              class="MuiTouchRipple-root css-8je8zh-MuiTouchRipple-root"
            />
          </button>
          <h1>
            Belum Dibayar
          </h1>
        </header>
        <div
          class="countdown"
        >
          <div
            class="message"
          >
            Harus dibayar, sisa waktu:
          </div>
          <div
            class="time"
          >
            0
             m 
            0
             s
          </div>
        </div>
        <section>
          <div
            class="sectionDesc"
          >
            <div
              class="row"
            >
              <div
                class="dateTime"
              >
                undefined, NaN Invalid Date NaN
              </div>
            </div>
            <div
              class="row"
            >
              <div
                class="timeAndPlace"
              >
                <div
                  class="time"
                >
                  Invalid Date
                  <sup>
                     WIB
                  </sup>
                </div>
                <div
                  class="place"
                />
              </div>
              <div
                class="train"
              >
                <div
                  class="name"
                />
                <div
                  class="arrowImage"
                >
                  <img
                    alt=""
                    src="/arrowTrain.png"
                  />
                </div>
              </div>
              <div
                class="timeAndPlace"
              >
                <div
                  class="time"
                >
                  Invalid Date
                  <sup>
                     WIB
                  </sup>
                </div>
                <div
                  class="place"
                />
              </div>
            </div>
          </div>
        </section>
        <section>
          <div
            class="header"
          >
            Penumpang
          </div>
          <hr />
          <div
            class="sectionDesc"
          />
        </section>
        <section>
          <div
            class="sectionDesc"
          >
            <div
              class="totalPrice"
            >
              <div>
                Harga Total
              </div>
              <div>
                RpNaN
              </div>
            </div>
            <div
              class="buttons"
            >
              <button
                class="MuiButtonBase-root MuiButton-root MuiButton-outlined MuiButton-outlinedPrimary MuiButton-sizeMedium MuiButton-outlinedSizeMedium MuiButton-root MuiButton-outlined MuiButton-outlinedPrimary MuiButton-sizeMedium MuiButton-outlinedSizeMedium btn css-1rwt2y5-MuiButtonBase-root-MuiButton-root"
                tabindex="0"
                type="button"
              >
                Batalkan Pesanan
                <span
                  class="MuiTouchRipple-root css-8je8zh-MuiTouchRipple-root"
                />
              </button>
              <button
                class="MuiButtonBase-root MuiButton-root MuiButton-contained MuiButton-containedPrimary MuiButton-sizeMedium MuiButton-containedSizeMedium MuiButton-root MuiButton-contained MuiButton-containedPrimary MuiButton-sizeMedium MuiButton-containedSizeMedium btn css-sghohy-MuiButtonBase-root-MuiButton-root"
                tabindex="0"
                type="button"
              >
                Bayar
                <span
                  class="MuiTouchRipple-root css-8je8zh-MuiTouchRipple-root"
                />
              </button>
            </div>
          </div>
        </section>
      </div>
    </main>
  </div>,
  "debug": [Function],
  "findAllByAltText": [Function],
  "findAllByDisplayValue": [Function],
  "findAllByLabelText": [Function],
  "findAllByPlaceholderText": [Function],
  "findAllByRole": [Function],
  "findAllByTestId": [Function],
  "findAllByText": [Function],
  "findAllByTitle": [Function],
  "findByAltText": [Function],
  "findByDisplayValue": [Function],
  "findByLabelText": [Function],
  "findByPlaceholderText": [Function],
  "findByRole": [Function],
  "findByTestId": [Function],
  "findByText": [Function],
  "findByTitle": [Function],
  "getAllByAltText": [Function],
  "getAllByDisplayValue": [Function],
  "getAllByLabelText": [Function],
  "getAllByPlaceholderText": [Function],
  "getAllByRole": [Function],
  "getAllByTestId": [Function],
  "getAllByText": [Function],
  "getAllByTitle": [Function],
  "getByAltText": [Function],
  "getByDisplayValue": [Function],
  "getByLabelText": [Function],
  "getByPlaceholderText": [Function],
  "getByRole": [Function],
  "getByTestId": [Function],
  "getByText": [Function],
  "getByTitle": [Function],
  "queryAllByAltText": [Function],
  "queryAllByDisplayValue": [Function],
  "queryAllByLabelText": [Function],
  "queryAllByPlaceholderText": [Function],
  "queryAllByRole": [Function],
  "queryAllByTestId": [Function],
  "queryAllByText": [Function],
  "queryAllByTitle": [Function],
  "queryByAltText": [Function],
  "queryByDisplayValue": [Function],
  "queryByLabelText": [Function],
  "queryByPlaceholderText": [Function],
  "queryByRole": [Function],
  "queryByTestId": [Function],
  "queryByText": [Function],
  "queryByTitle": [Function],
  "rerender": [Function],
  "unmount": [Function],
}
`;
