// Jest Snapshot v1, https://goo.gl/fbAQLP

exports[`Me Page Should match snapshot 1`] = `
{
  "asFragment": [Function],
  "baseElement": <body>
    <div>
      <main
        class="main"
        data-testid="Me"
      >
        <div
          class="container"
        >
          <header
            class="header"
            data-testid="Header"
          >
            <div
              class="MuiAvatar-root MuiAvatar-circular MuiAvatar-colorDefault icon css-2s90m6-MuiAvatar-root"
            >
              <svg
                aria-hidden="true"
                class="MuiSvgIcon-root MuiSvgIcon-fontSizeMedium MuiAvatar-fallback css-10mi8st-MuiSvgIcon-root-MuiAvatar-fallback"
                data-testid="PersonIcon"
                focusable="false"
                viewBox="0 0 24 24"
              >
                <path
                  d="M12 12c2.21 0 4-1.79 4-4s-1.79-4-4-4-4 1.79-4 4 1.79 4 4 4zm0 2c-2.67 0-8 1.34-8 4v2h16v-2c0-2.66-5.33-4-8-4z"
                />
              </svg>
            </div>
            <h1>
              Login
            </h1>
          </header>
          <section>
            <h2>
              Informasi Akun
            </h2>
            <hr />
            <div
              class="sectionDesc"
            >
              <div
                class="links"
              >
                <div
                  class="link"
                  data-testid="MyPassengersLink"
                >
                  <svg
                    aria-hidden="true"
                    class="MuiSvgIcon-root MuiSvgIcon-fontSizeMedium icon css-i4bv87-MuiSvgIcon-root"
                    data-testid="RecentActorsOutlinedIcon"
                    focusable="false"
                    viewBox="0 0 24 24"
                  >
                    <path
                      d="M21 5h2v14h-2zm-4 0h2v14h-2zm-3 0H2c-.55 0-1 .45-1 1v12c0 .55.45 1 1 1h12c.55 0 1-.45 1-1V6c0-.55-.45-1-1-1zm-1 12H3V7h10v10z"
                    />
                    <circle
                      cx="8"
                      cy="9.94"
                      r="1.95"
                    />
                    <path
                      d="M11.89 15.35c0-1.3-2.59-1.95-3.89-1.95s-3.89.65-3.89 1.95V16h7.78v-.65z"
                    />
                  </svg>
                  <div
                    class="namePage"
                  >
                    Daftar Penumpang
                  </div>
                </div>
                <div
                  class="link"
                  data-testid="ChangePasswordLink"
                >
                  <svg
                    aria-hidden="true"
                    class="MuiSvgIcon-root MuiSvgIcon-fontSizeMedium icon css-i4bv87-MuiSvgIcon-root"
                    data-testid="KeyIcon"
                    focusable="false"
                    viewBox="0 0 24 24"
                  >
                    <path
                      d="M21 10h-8.35C11.83 7.67 9.61 6 7 6c-3.31 0-6 2.69-6 6s2.69 6 6 6c2.61 0 4.83-1.67 5.65-4H13l2 2 2-2 2 2 4-4.04L21 10zM7 15c-1.65 0-3-1.35-3-3s1.35-3 3-3 3 1.35 3 3-1.35 3-3 3z"
                    />
                  </svg>
                  <div
                    class="namePage"
                  >
                    Password
                  </div>
                </div>
                <div
                  class="link"
                  data-testid="ChangeEmailLink"
                >
                  <svg
                    aria-hidden="true"
                    class="MuiSvgIcon-root MuiSvgIcon-fontSizeMedium icon css-i4bv87-MuiSvgIcon-root"
                    data-testid="MailIcon"
                    focusable="false"
                    viewBox="0 0 24 24"
                  >
                    <path
                      d="M20 4H4c-1.1 0-1.99.9-1.99 2L2 18c0 1.1.9 2 2 2h16c1.1 0 2-.9 2-2V6c0-1.1-.9-2-2-2zm0 4-8 5-8-5V6l8 5 8-5v2z"
                    />
                  </svg>
                  <div
                    class="namePage"
                  >
                    E-mail
                  </div>
                </div>
              </div>
            </div>
          </section>
        </div>
      </main>
    </div>
  </body>,
  "container": <div>
    <main
      class="main"
      data-testid="Me"
    >
      <div
        class="container"
      >
        <header
          class="header"
          data-testid="Header"
        >
          <div
            class="MuiAvatar-root MuiAvatar-circular MuiAvatar-colorDefault icon css-2s90m6-MuiAvatar-root"
          >
            <svg
              aria-hidden="true"
              class="MuiSvgIcon-root MuiSvgIcon-fontSizeMedium MuiAvatar-fallback css-10mi8st-MuiSvgIcon-root-MuiAvatar-fallback"
              data-testid="PersonIcon"
              focusable="false"
              viewBox="0 0 24 24"
            >
              <path
                d="M12 12c2.21 0 4-1.79 4-4s-1.79-4-4-4-4 1.79-4 4 1.79 4 4 4zm0 2c-2.67 0-8 1.34-8 4v2h16v-2c0-2.66-5.33-4-8-4z"
              />
            </svg>
          </div>
          <h1>
            Login
          </h1>
        </header>
        <section>
          <h2>
            Informasi Akun
          </h2>
          <hr />
          <div
            class="sectionDesc"
          >
            <div
              class="links"
            >
              <div
                class="link"
                data-testid="MyPassengersLink"
              >
                <svg
                  aria-hidden="true"
                  class="MuiSvgIcon-root MuiSvgIcon-fontSizeMedium icon css-i4bv87-MuiSvgIcon-root"
                  data-testid="RecentActorsOutlinedIcon"
                  focusable="false"
                  viewBox="0 0 24 24"
                >
                  <path
                    d="M21 5h2v14h-2zm-4 0h2v14h-2zm-3 0H2c-.55 0-1 .45-1 1v12c0 .55.45 1 1 1h12c.55 0 1-.45 1-1V6c0-.55-.45-1-1-1zm-1 12H3V7h10v10z"
                  />
                  <circle
                    cx="8"
                    cy="9.94"
                    r="1.95"
                  />
                  <path
                    d="M11.89 15.35c0-1.3-2.59-1.95-3.89-1.95s-3.89.65-3.89 1.95V16h7.78v-.65z"
                  />
                </svg>
                <div
                  class="namePage"
                >
                  Daftar Penumpang
                </div>
              </div>
              <div
                class="link"
                data-testid="ChangePasswordLink"
              >
                <svg
                  aria-hidden="true"
                  class="MuiSvgIcon-root MuiSvgIcon-fontSizeMedium icon css-i4bv87-MuiSvgIcon-root"
                  data-testid="KeyIcon"
                  focusable="false"
                  viewBox="0 0 24 24"
                >
                  <path
                    d="M21 10h-8.35C11.83 7.67 9.61 6 7 6c-3.31 0-6 2.69-6 6s2.69 6 6 6c2.61 0 4.83-1.67 5.65-4H13l2 2 2-2 2 2 4-4.04L21 10zM7 15c-1.65 0-3-1.35-3-3s1.35-3 3-3 3 1.35 3 3-1.35 3-3 3z"
                  />
                </svg>
                <div
                  class="namePage"
                >
                  Password
                </div>
              </div>
              <div
                class="link"
                data-testid="ChangeEmailLink"
              >
                <svg
                  aria-hidden="true"
                  class="MuiSvgIcon-root MuiSvgIcon-fontSizeMedium icon css-i4bv87-MuiSvgIcon-root"
                  data-testid="MailIcon"
                  focusable="false"
                  viewBox="0 0 24 24"
                >
                  <path
                    d="M20 4H4c-1.1 0-1.99.9-1.99 2L2 18c0 1.1.9 2 2 2h16c1.1 0 2-.9 2-2V6c0-1.1-.9-2-2-2zm0 4-8 5-8-5V6l8 5 8-5v2z"
                  />
                </svg>
                <div
                  class="namePage"
                >
                  E-mail
                </div>
              </div>
            </div>
          </div>
        </section>
      </div>
    </main>
  </div>,
  "debug": [Function],
  "findAllByAltText": [Function],
  "findAllByDisplayValue": [Function],
  "findAllByLabelText": [Function],
  "findAllByPlaceholderText": [Function],
  "findAllByRole": [Function],
  "findAllByTestId": [Function],
  "findAllByText": [Function],
  "findAllByTitle": [Function],
  "findByAltText": [Function],
  "findByDisplayValue": [Function],
  "findByLabelText": [Function],
  "findByPlaceholderText": [Function],
  "findByRole": [Function],
  "findByTestId": [Function],
  "findByText": [Function],
  "findByTitle": [Function],
  "getAllByAltText": [Function],
  "getAllByDisplayValue": [Function],
  "getAllByLabelText": [Function],
  "getAllByPlaceholderText": [Function],
  "getAllByRole": [Function],
  "getAllByTestId": [Function],
  "getAllByText": [Function],
  "getAllByTitle": [Function],
  "getByAltText": [Function],
  "getByDisplayValue": [Function],
  "getByLabelText": [Function],
  "getByPlaceholderText": [Function],
  "getByRole": [Function],
  "getByTestId": [Function],
  "getByText": [Function],
  "getByTitle": [Function],
  "queryAllByAltText": [Function],
  "queryAllByDisplayValue": [Function],
  "queryAllByLabelText": [Function],
  "queryAllByPlaceholderText": [Function],
  "queryAllByRole": [Function],
  "queryAllByTestId": [Function],
  "queryAllByText": [Function],
  "queryAllByTitle": [Function],
  "queryByAltText": [Function],
  "queryByDisplayValue": [Function],
  "queryByLabelText": [Function],
  "queryByPlaceholderText": [Function],
  "queryByRole": [Function],
  "queryByTestId": [Function],
  "queryByText": [Function],
  "queryByTitle": [Function],
  "rerender": [Function],
  "unmount": [Function],
}
`;
