// Jest Snapshot v1, https://goo.gl/fbAQLP

exports[`Component BannerRow of Banner page Should match snapshot 1`] = `
{
  "asFragment": [Function],
  "baseElement": <body
    style=""
  >
    <div>
      <tr
        data-testid="BannerRowDesktop"
      >
        <td>
          <div
            class="image"
          >
            <img
              alt=""
              src="http://localhost:3300/api/public/Frame 1 - Desktop.png"
            />
          </div>
        </td>
        <td>
          <div
            class="image"
          >
            <img
              alt=""
              src="http://localhost:3300/api/public/Frame 1 - Mobile.png"
            />
          </div>
        </td>
        <td
          class="buttons"
        >
          <button
            class="MuiButtonBase-root MuiButton-root MuiButton-contained MuiButton-containedPrimary MuiButton-sizeMedium MuiButton-containedSizeMedium MuiButton-root MuiButton-contained MuiButton-containedPrimary MuiButton-sizeMedium MuiButton-containedSizeMedium btn css-sghohy-MuiButtonBase-root-MuiButton-root"
            data-testid="ChangeBannerButton"
            tabindex="0"
            type="button"
          >
            <svg
              aria-hidden="true"
              class="MuiSvgIcon-root MuiSvgIcon-fontSizeMedium css-i4bv87-MuiSvgIcon-root"
              data-testid="ModeEditOutlinedIcon"
              focusable="false"
              viewBox="0 0 24 24"
            >
              <path
                d="M3 21h3.75L17.81 9.94l-3.75-3.75L3 17.25V21zm2-2.92 9.06-9.06.92.92L5.92 19H5v-.92zM18.37 3.29a.9959.9959 0 0 0-1.41 0l-1.83 1.83 3.75 3.75 1.83-1.83c.39-.39.39-1.02 0-1.41l-2.34-2.34z"
              />
            </svg>
            <span
              class="MuiTouchRipple-root css-8je8zh-MuiTouchRipple-root"
            />
          </button>
          <button
            class="MuiButtonBase-root MuiButton-root MuiButton-contained MuiButton-containedPrimary MuiButton-sizeMedium MuiButton-containedSizeMedium MuiButton-root MuiButton-contained MuiButton-containedPrimary MuiButton-sizeMedium MuiButton-containedSizeMedium btn delete css-sghohy-MuiButtonBase-root-MuiButton-root"
            data-testid="DeleteBannerButton"
            tabindex="0"
            type="button"
          >
            <svg
              aria-hidden="true"
              class="MuiSvgIcon-root MuiSvgIcon-fontSizeMedium css-i4bv87-MuiSvgIcon-root"
              data-testid="DeleteOutlineOutlinedIcon"
              focusable="false"
              viewBox="0 0 24 24"
            >
              <path
                d="M6 19c0 1.1.9 2 2 2h8c1.1 0 2-.9 2-2V7H6v12zM8 9h8v10H8V9zm7.5-5-1-1h-5l-1 1H5v2h14V4h-3.5z"
              />
            </svg>
            <span
              class="MuiTouchRipple-root css-8je8zh-MuiTouchRipple-root"
            />
          </button>
        </td>
      </tr>
    </div>
  </body>,
  "container": <div>
    <tr
      data-testid="BannerRowDesktop"
    >
      <td>
        <div
          class="image"
        >
          <img
            alt=""
            src="http://localhost:3300/api/public/Frame 1 - Desktop.png"
          />
        </div>
      </td>
      <td>
        <div
          class="image"
        >
          <img
            alt=""
            src="http://localhost:3300/api/public/Frame 1 - Mobile.png"
          />
        </div>
      </td>
      <td
        class="buttons"
      >
        <button
          class="MuiButtonBase-root MuiButton-root MuiButton-contained MuiButton-containedPrimary MuiButton-sizeMedium MuiButton-containedSizeMedium MuiButton-root MuiButton-contained MuiButton-containedPrimary MuiButton-sizeMedium MuiButton-containedSizeMedium btn css-sghohy-MuiButtonBase-root-MuiButton-root"
          data-testid="ChangeBannerButton"
          tabindex="0"
          type="button"
        >
          <svg
            aria-hidden="true"
            class="MuiSvgIcon-root MuiSvgIcon-fontSizeMedium css-i4bv87-MuiSvgIcon-root"
            data-testid="ModeEditOutlinedIcon"
            focusable="false"
            viewBox="0 0 24 24"
          >
            <path
              d="M3 21h3.75L17.81 9.94l-3.75-3.75L3 17.25V21zm2-2.92 9.06-9.06.92.92L5.92 19H5v-.92zM18.37 3.29a.9959.9959 0 0 0-1.41 0l-1.83 1.83 3.75 3.75 1.83-1.83c.39-.39.39-1.02 0-1.41l-2.34-2.34z"
            />
          </svg>
          <span
            class="MuiTouchRipple-root css-8je8zh-MuiTouchRipple-root"
          />
        </button>
        <button
          class="MuiButtonBase-root MuiButton-root MuiButton-contained MuiButton-containedPrimary MuiButton-sizeMedium MuiButton-containedSizeMedium MuiButton-root MuiButton-contained MuiButton-containedPrimary MuiButton-sizeMedium MuiButton-containedSizeMedium btn delete css-sghohy-MuiButtonBase-root-MuiButton-root"
          data-testid="DeleteBannerButton"
          tabindex="0"
          type="button"
        >
          <svg
            aria-hidden="true"
            class="MuiSvgIcon-root MuiSvgIcon-fontSizeMedium css-i4bv87-MuiSvgIcon-root"
            data-testid="DeleteOutlineOutlinedIcon"
            focusable="false"
            viewBox="0 0 24 24"
          >
            <path
              d="M6 19c0 1.1.9 2 2 2h8c1.1 0 2-.9 2-2V7H6v12zM8 9h8v10H8V9zm7.5-5-1-1h-5l-1 1H5v2h14V4h-3.5z"
            />
          </svg>
          <span
            class="MuiTouchRipple-root css-8je8zh-MuiTouchRipple-root"
          />
        </button>
      </td>
    </tr>
  </div>,
  "debug": [Function],
  "findAllByAltText": [Function],
  "findAllByDisplayValue": [Function],
  "findAllByLabelText": [Function],
  "findAllByPlaceholderText": [Function],
  "findAllByRole": [Function],
  "findAllByTestId": [Function],
  "findAllByText": [Function],
  "findAllByTitle": [Function],
  "findByAltText": [Function],
  "findByDisplayValue": [Function],
  "findByLabelText": [Function],
  "findByPlaceholderText": [Function],
  "findByRole": [Function],
  "findByTestId": [Function],
  "findByText": [Function],
  "findByTitle": [Function],
  "getAllByAltText": [Function],
  "getAllByDisplayValue": [Function],
  "getAllByLabelText": [Function],
  "getAllByPlaceholderText": [Function],
  "getAllByRole": [Function],
  "getAllByTestId": [Function],
  "getAllByText": [Function],
  "getAllByTitle": [Function],
  "getByAltText": [Function],
  "getByDisplayValue": [Function],
  "getByLabelText": [Function],
  "getByPlaceholderText": [Function],
  "getByRole": [Function],
  "getByTestId": [Function],
  "getByText": [Function],
  "getByTitle": [Function],
  "queryAllByAltText": [Function],
  "queryAllByDisplayValue": [Function],
  "queryAllByLabelText": [Function],
  "queryAllByPlaceholderText": [Function],
  "queryAllByRole": [Function],
  "queryAllByTestId": [Function],
  "queryAllByText": [Function],
  "queryAllByTitle": [Function],
  "queryByAltText": [Function],
  "queryByDisplayValue": [Function],
  "queryByLabelText": [Function],
  "queryByPlaceholderText": [Function],
  "queryByRole": [Function],
  "queryByTestId": [Function],
  "queryByText": [Function],
  "queryByTitle": [Function],
  "rerender": [Function],
  "unmount": [Function],
}
`;
