// Jest Snapshot v1, https://goo.gl/fbAQLP

exports[`Page Profile Should match snapshot 1`] = `
{
  "asFragment": [Function],
  "baseElement": <body>
    <div>
      <main
        class="main"
        data-testid="Profile"
      >
        <div
          class="container"
        >
          <header>
            <button
              class="MuiButtonBase-root MuiButton-root MuiButton-text MuiButton-textPrimary MuiButton-sizeMedium MuiButton-textSizeMedium MuiButton-root MuiButton-text MuiButton-textPrimary MuiButton-sizeMedium MuiButton-textSizeMedium btn css-1e6y48t-MuiButtonBase-root-MuiButton-root"
              data-testid="BackBtn"
              tabindex="0"
              type="button"
            >
              Kembali
              <span
                class="MuiTouchRipple-root css-8je8zh-MuiTouchRipple-root"
              />
            </button>
            <div
              class="empty"
            />
            <h1>
              Profile
            </h1>
            <div
              class="empty"
            />
          </header>
          <form>
            <div
              class="header"
            >
              Informasi Pribadi
            </div>
            <div
              class="input"
            >
              <label
                for="username"
              >
                Username
              </label>
              <input
                autocomplete="off"
                disabled=""
                id="username"
                name="username"
                placeholder="Masukkan username"
                type="text"
                value=""
              />
            </div>
            <div
              class="input"
            >
              <label
                for="gender"
              >
                Jenis Kelamin
              </label>
              <div
                class="radios"
              >
                <div
                  class="radio"
                >
                  <input
                    disabled=""
                    name="gender"
                    type="radio"
                    value="Male"
                  />
                  <label>
                    Pria
                  </label>
                </div>
                <div
                  class="radio"
                >
                  <input
                    disabled=""
                    name="gender"
                    type="radio"
                    value="Female"
                  />
                  <label>
                    Wanita
                  </label>
                </div>
              </div>
            </div>
            <div
              class="input"
            >
              <label
                for="dateOfBirth"
              >
                Tanggal Kelahiran
              </label>
              <div
                class="datePickerWrapper"
              >
                <div
                  class="react-datepicker-wrapper"
                >
                  <div
                    class="react-datepicker__input-container"
                  >
                    <input
                      class="datePicker"
                      disabled=""
                      name="dateOfBirth"
                      placeholder="Pilih tanggal lahir"
                      type="text"
                      value=""
                    />
                  </div>
                </div>
              </div>
            </div>
            <div
              class="header"
            >
              Informasi Sertifikat
            </div>
            <div
              class="input"
            >
              <label
                for="idCard"
              >
                Kartu Identitas
              </label>
              <input
                autocomplete="off"
                disabled=""
                id="idCard"
                name="idCard"
                placeholder="Silakan masukkan KTP Indonesia Anda"
                type="text"
                value=""
              />
            </div>
            <div
              class="input"
            >
              <label
                for="name"
              >
                Nama
              </label>
              <input
                autocomplete="off"
                disabled=""
                id="name"
                name="name"
                placeholder="Masukkan nama Anda sesuai KTP"
                type="text"
                value=""
              />
            </div>
            <div
              class="header"
            >
              Informasi Kontak
            </div>
            <div
              class="input"
            >
              <label
                for="email"
              >
                E-mail
              </label>
              <input
                autocomplete="off"
                disabled=""
                id="email"
                name="email"
                type="text"
                value=""
              />
            </div>
          </form>
        </div>
      </main>
    </div>
  </body>,
  "container": <div>
    <main
      class="main"
      data-testid="Profile"
    >
      <div
        class="container"
      >
        <header>
          <button
            class="MuiButtonBase-root MuiButton-root MuiButton-text MuiButton-textPrimary MuiButton-sizeMedium MuiButton-textSizeMedium MuiButton-root MuiButton-text MuiButton-textPrimary MuiButton-sizeMedium MuiButton-textSizeMedium btn css-1e6y48t-MuiButtonBase-root-MuiButton-root"
            data-testid="BackBtn"
            tabindex="0"
            type="button"
          >
            Kembali
            <span
              class="MuiTouchRipple-root css-8je8zh-MuiTouchRipple-root"
            />
          </button>
          <div
            class="empty"
          />
          <h1>
            Profile
          </h1>
          <div
            class="empty"
          />
        </header>
        <form>
          <div
            class="header"
          >
            Informasi Pribadi
          </div>
          <div
            class="input"
          >
            <label
              for="username"
            >
              Username
            </label>
            <input
              autocomplete="off"
              disabled=""
              id="username"
              name="username"
              placeholder="Masukkan username"
              type="text"
              value=""
            />
          </div>
          <div
            class="input"
          >
            <label
              for="gender"
            >
              Jenis Kelamin
            </label>
            <div
              class="radios"
            >
              <div
                class="radio"
              >
                <input
                  disabled=""
                  name="gender"
                  type="radio"
                  value="Male"
                />
                <label>
                  Pria
                </label>
              </div>
              <div
                class="radio"
              >
                <input
                  disabled=""
                  name="gender"
                  type="radio"
                  value="Female"
                />
                <label>
                  Wanita
                </label>
              </div>
            </div>
          </div>
          <div
            class="input"
          >
            <label
              for="dateOfBirth"
            >
              Tanggal Kelahiran
            </label>
            <div
              class="datePickerWrapper"
            >
              <div
                class="react-datepicker-wrapper"
              >
                <div
                  class="react-datepicker__input-container"
                >
                  <input
                    class="datePicker"
                    disabled=""
                    name="dateOfBirth"
                    placeholder="Pilih tanggal lahir"
                    type="text"
                    value=""
                  />
                </div>
              </div>
            </div>
          </div>
          <div
            class="header"
          >
            Informasi Sertifikat
          </div>
          <div
            class="input"
          >
            <label
              for="idCard"
            >
              Kartu Identitas
            </label>
            <input
              autocomplete="off"
              disabled=""
              id="idCard"
              name="idCard"
              placeholder="Silakan masukkan KTP Indonesia Anda"
              type="text"
              value=""
            />
          </div>
          <div
            class="input"
          >
            <label
              for="name"
            >
              Nama
            </label>
            <input
              autocomplete="off"
              disabled=""
              id="name"
              name="name"
              placeholder="Masukkan nama Anda sesuai KTP"
              type="text"
              value=""
            />
          </div>
          <div
            class="header"
          >
            Informasi Kontak
          </div>
          <div
            class="input"
          >
            <label
              for="email"
            >
              E-mail
            </label>
            <input
              autocomplete="off"
              disabled=""
              id="email"
              name="email"
              type="text"
              value=""
            />
          </div>
        </form>
      </div>
    </main>
  </div>,
  "debug": [Function],
  "findAllByAltText": [Function],
  "findAllByDisplayValue": [Function],
  "findAllByLabelText": [Function],
  "findAllByPlaceholderText": [Function],
  "findAllByRole": [Function],
  "findAllByTestId": [Function],
  "findAllByText": [Function],
  "findAllByTitle": [Function],
  "findByAltText": [Function],
  "findByDisplayValue": [Function],
  "findByLabelText": [Function],
  "findByPlaceholderText": [Function],
  "findByRole": [Function],
  "findByTestId": [Function],
  "findByText": [Function],
  "findByTitle": [Function],
  "getAllByAltText": [Function],
  "getAllByDisplayValue": [Function],
  "getAllByLabelText": [Function],
  "getAllByPlaceholderText": [Function],
  "getAllByRole": [Function],
  "getAllByTestId": [Function],
  "getAllByText": [Function],
  "getAllByTitle": [Function],
  "getByAltText": [Function],
  "getByDisplayValue": [Function],
  "getByLabelText": [Function],
  "getByPlaceholderText": [Function],
  "getByRole": [Function],
  "getByTestId": [Function],
  "getByText": [Function],
  "getByTitle": [Function],
  "queryAllByAltText": [Function],
  "queryAllByDisplayValue": [Function],
  "queryAllByLabelText": [Function],
  "queryAllByPlaceholderText": [Function],
  "queryAllByRole": [Function],
  "queryAllByTestId": [Function],
  "queryAllByText": [Function],
  "queryAllByTitle": [Function],
  "queryByAltText": [Function],
  "queryByDisplayValue": [Function],
  "queryByLabelText": [Function],
  "queryByPlaceholderText": [Function],
  "queryByRole": [Function],
  "queryByTestId": [Function],
  "queryByText": [Function],
  "queryByTitle": [Function],
  "rerender": [Function],
  "unmount": [Function],
}
`;
