// Jest Snapshot v1, https://goo.gl/fbAQLP

exports[`Component OrderedSeatCard of History page Should match snapshot 1`] = `
{
  "asFragment": [Function],
  "baseElement": <body>
    <div>
      <div
        class="card"
        data-testid="OrderedSeatCard"
      >
        <div
          class="leftCard"
        >
          <div
            class="name"
          >
            John Ganteng
          </div>
          <div
            class="description"
          >
            <div>
              Kartu Identitas
            </div>
            <div>
              1217****92
            </div>
          </div>
          <div
            class="description"
          >
            <div>
              Gerbong
               
              05
            </div>
            <div>
              |
            </div>
            <div
              class="seatClass"
            >
              economy
               class
            </div>
            <div>
              11D
            </div>
          </div>
        </div>
        <div
          class="price"
        >
          Rp 200.000
        </div>
      </div>
      <hr />
    </div>
  </body>,
  "container": <div>
    <div
      class="card"
      data-testid="OrderedSeatCard"
    >
      <div
        class="leftCard"
      >
        <div
          class="name"
        >
          John Ganteng
        </div>
        <div
          class="description"
        >
          <div>
            Kartu Identitas
          </div>
          <div>
            1217****92
          </div>
        </div>
        <div
          class="description"
        >
          <div>
            Gerbong
             
            05
          </div>
          <div>
            |
          </div>
          <div
            class="seatClass"
          >
            economy
             class
          </div>
          <div>
            11D
          </div>
        </div>
      </div>
      <div
        class="price"
      >
        Rp 200.000
      </div>
    </div>
    <hr />
  </div>,
  "debug": [Function],
  "findAllByAltText": [Function],
  "findAllByDisplayValue": [Function],
  "findAllByLabelText": [Function],
  "findAllByPlaceholderText": [Function],
  "findAllByRole": [Function],
  "findAllByTestId": [Function],
  "findAllByText": [Function],
  "findAllByTitle": [Function],
  "findByAltText": [Function],
  "findByDisplayValue": [Function],
  "findByLabelText": [Function],
  "findByPlaceholderText": [Function],
  "findByRole": [Function],
  "findByTestId": [Function],
  "findByText": [Function],
  "findByTitle": [Function],
  "getAllByAltText": [Function],
  "getAllByDisplayValue": [Function],
  "getAllByLabelText": [Function],
  "getAllByPlaceholderText": [Function],
  "getAllByRole": [Function],
  "getAllByTestId": [Function],
  "getAllByText": [Function],
  "getAllByTitle": [Function],
  "getByAltText": [Function],
  "getByDisplayValue": [Function],
  "getByLabelText": [Function],
  "getByPlaceholderText": [Function],
  "getByRole": [Function],
  "getByTestId": [Function],
  "getByText": [Function],
  "getByTitle": [Function],
  "queryAllByAltText": [Function],
  "queryAllByDisplayValue": [Function],
  "queryAllByLabelText": [Function],
  "queryAllByPlaceholderText": [Function],
  "queryAllByRole": [Function],
  "queryAllByTestId": [Function],
  "queryAllByText": [Function],
  "queryAllByTitle": [Function],
  "queryByAltText": [Function],
  "queryByDisplayValue": [Function],
  "queryByLabelText": [Function],
  "queryByPlaceholderText": [Function],
  "queryByRole": [Function],
  "queryByTestId": [Function],
  "queryByText": [Function],
  "queryByTitle": [Function],
  "rerender": [Function],
  "unmount": [Function],
}
`;
